// Jest Snapshot v1, https://goo.gl/fbAQLP

exports[`should create a User instance 1`] = `
Object {
  "address": Object {
    "city": "Gwenborough",
    "geo": Object {
      "lat": "-37.3159",
      "lng": "81.1496",
    },
    "street": "Kulas Light",
    "suite": "Apt. 556",
    "zipcode": "92998-3874",
  },
  "company": Object {
    "bs": "harness real-time e-markets",
    "catchPhrase": "Multi-layered client-server neural-net",
    "name": "Romaguera-Crona",
  },
  "email": "Sincere@april.biz",
  "id": 1,
  "name": "Leanne Graham",
  "phone": "1-770-736-8031 x56442",
  "username": "Bret",
  "website": "hildegard.org",
}
`;
