// Jest Snapshot v1, https://goo.gl/fbAQLP

exports[`renders learn react link 1`] = `
<DocumentFragment>
  <div
    class="makeStyles-root-1"
  >
    <header
      class="MuiPaper-root MuiAppBar-root MuiAppBar-positionStatic MuiAppBar-colorPrimary MuiPaper-elevation4"
    >
      <div
        class="MuiToolbar-root MuiToolbar-dense MuiToolbar-gutters"
      >
        <button
          aria-label="menu"
          class="MuiButtonBase-root MuiIconButton-root makeStyles-menuButton-3 MuiIconButton-colorInherit MuiIconButton-edgeStart"
          tabindex="0"
          type="button"
        >
          <span
            class="MuiIconButton-label"
          >
            <svg
              aria-hidden="true"
              class="MuiSvgIcon-root"
              focusable="false"
              viewBox="0 0 24 24"
            >
              <path
                d="M3 18h18v-2H3v2zm0-5h18v-2H3v2zm0-7v2h18V6H3z"
              />
            </svg>
          </span>
          <span
            class="MuiTouchRipple-root"
          />
        </button>
        <h6
          class="MuiTypography-root MuiTypography-h6 MuiTypography-colorInherit"
        >
          Material UI
        </h6>
        <div
          class="MuiBox-root MuiBox-root-5"
        >
          <button
            class="MuiButtonBase-root MuiButton-root MuiButton-text"
            tabindex="0"
            type="button"
          >
            <span
              class="MuiButton-label"
            >
              <a
                class="makeStyles-linkButton-4"
                href="/"
              >
                Home
              </a>
            </span>
            <span
              class="MuiTouchRipple-root"
            />
          </button>
          <button
            class="MuiButtonBase-root MuiButton-root MuiButton-text"
            tabindex="0"
            type="button"
          >
            <span
              class="MuiButton-label"
            >
              <a
                class="makeStyles-linkButton-4"
                href="/about"
              >
                About
              </a>
            </span>
            <span
              class="MuiTouchRipple-root"
            />
          </button>
        </div>
      </div>
    </header>
    <div
      class="MuiContainer-root MuiContainer-maxWidthMd"
    >
      <div
        class="MuiBox-root MuiBox-root-6"
      >
        <h1
          class="MuiTypography-root MuiTypography-h4 MuiTypography-gutterBottom"
        >
          Create react app boilerplate
        </h1>
        <div
          class="MuiPaper-root MuiPaper-elevation3 MuiPaper-rounded"
        >
          <div
            class="MuiBox-root MuiBox-root-7"
          >
            <div
              class="MuiBox-root MuiBox-root-8"
            >
              <h6
                class="MuiTypography-root MuiTypography-h6"
              >
                 MobX powered counter
              </h6>
            </div>
            <button
              class="MuiButtonBase-root MuiButton-root MuiButton-contained MuiButton-containedPrimary"
              tabindex="0"
              type="button"
            >
              <span
                class="MuiButton-label"
              >
                Decrement
              </span>
              <span
                class="MuiTouchRipple-root"
              />
            </button>
            <span
              class="MuiBox-root MuiBox-root-9"
            >
              <span
                class="MuiTypography-root MuiTypography-h6"
              >
                0
              </span>
            </span>
            <button
              class="MuiButtonBase-root MuiButton-root MuiButton-contained MuiButton-containedPrimary"
              tabindex="0"
              type="button"
            >
              <span
                class="MuiButton-label"
              >
                Increment
              </span>
              <span
                class="MuiTouchRipple-root"
              />
            </button>
          </div>
        </div>
      </div>
    </div>
  </div>
</DocumentFragment>
`;
